// Jest Snapshot v1, https://goo.gl/fbAQLP

exports[`Trade #useAllCommonPairs should get all pair combinations wecrox, secrox 1`] = `
[MockFunction] {
  "calls": Array [
    Array [
      Array [
        Array [
          Token {
            "address": "0xbb4CdB9CBd36B01bD1cBaEBF2De08d9173bc095c",
            "chainId": 988207,
            "decimals": 18,
            "name": "Wrapped ECROX",
            "projectLink": "https://ecroxscan.com/",
            "symbol": "WECROX",
          },
          Token {
            "address": "0x6e32F26C48A1155bE3Ae90017320c6B615Bac3c8",
            "chainId": 988207,
            "decimals": 18,
            "name": "SECROX Token",
            "projectLink": "http://ecroxswap.com/",
            "symbol": "SECROX",
          },
        ],
        Array [
          Token {
            "address": "0xbb4CdB9CBd36B01bD1cBaEBF2De08d9173bc095c",
            "chainId": 988207,
            "decimals": 18,
            "name": "Wrapped ECROX",
            "projectLink": "https://ecroxscan.com/",
            "symbol": "WECROX",
          },
          Token {
            "address": "0x6e32F26C48A1155bE3Ae90017320c6B615Bac3c8",
            "chainId": 988207,
            "decimals": 18,
            "name": "SECROX Token",
            "projectLink": "http://ecroxswap.com/",
            "symbol": "SECROX",
          },
        ],
        Array [
          Token {
            "address": "0xbb4CdB9CBd36B01bD1cBaEBF2De08d9173bc095c",
            "chainId": 988207,
            "decimals": 18,
            "name": "Wrapped ECROX",
            "projectLink": "https://ecroxscan.com/",
            "symbol": "WECROX",
          },
          Token {
            "address": "0xb30ebc0Ec978472B4a500a717880fE4D8f8c3288",
            "chainId": 988207,
            "decimals": 18,
            "name": "BUSD",
            "projectLink": "",
            "symbol": "BUSD",
          },
        ],
        Array [
          Token {
            "address": "0xbb4CdB9CBd36B01bD1cBaEBF2De08d9173bc095c",
            "chainId": 988207,
            "decimals": 18,
            "name": "Wrapped ECROX",
            "projectLink": "https://ecroxscan.com/",
            "symbol": "WECROX",
          },
          Token {
            "address": "0xDA9eFA00a9A89EAEBcFaF3A3b0eA760e07A3AC04",
            "chainId": 988207,
            "decimals": 18,
            "name": "Tether USD",
            "projectLink": "https://tether.to/",
            "symbol": "WUSDT",
          },
        ],
        Array [
          Token {
            "address": "0xbb4CdB9CBd36B01bD1cBaEBF2De08d9173bc095c",
            "chainId": 988207,
            "decimals": 18,
            "name": "Wrapped ECROX",
            "projectLink": "https://ecroxscan.com/",
            "symbol": "WECROX",
          },
          Token {
            "address": "0x7130d2A12B9BCbFAe4f2634d864A1Ee1Ce3Ead9c",
            "chainId": 988207,
            "decimals": 18,
            "name": "Binance BTC",
            "projectLink": "https://bitcoin.org/",
            "symbol": "BTCB",
          },
        ],
        Array [
          Token {
            "address": "0xbb4CdB9CBd36B01bD1cBaEBF2De08d9173bc095c",
            "chainId": 988207,
            "decimals": 18,
            "name": "Wrapped ECROX",
            "projectLink": "https://ecroxscan.com/",
            "symbol": "WECROX",
          },
          Token {
            "address": "0x2170Ed0880ac9A755fd29B2688956BD959F933F8",
            "chainId": 988207,
            "decimals": 18,
            "name": "Binance-Peg Ethereum Token",
            "projectLink": "https://ethereum.org/en/",
            "symbol": "ETH",
          },
        ],
        Array [
          Token {
            "address": "0xbb4CdB9CBd36B01bD1cBaEBF2De08d9173bc095c",
            "chainId": 988207,
            "decimals": 18,
            "name": "Wrapped ECROX",
            "projectLink": "https://ecroxscan.com/",
            "symbol": "WECROX",
          },
          Token {
            "address": "0x8AC76a51cc950d9822D68b83fE1Ad97B32Cd580d",
            "chainId": 988207,
            "decimals": 18,
            "name": "Binance-Peg USD Coin",
            "projectLink": "https://www.centre.io/usdc",
            "symbol": "USDC",
          },
        ],
        Array [
          Token {
            "address": "0x6e32F26C48A1155bE3Ae90017320c6B615Bac3c8",
            "chainId": 988207,
            "decimals": 18,
            "name": "SECROX Token",
            "projectLink": "http://ecroxswap.com/",
            "symbol": "SECROX",
          },
          Token {
            "address": "0xbb4CdB9CBd36B01bD1cBaEBF2De08d9173bc095c",
            "chainId": 988207,
            "decimals": 18,
            "name": "Wrapped ECROX",
            "projectLink": "https://ecroxscan.com/",
            "symbol": "WECROX",
          },
        ],
        Array [
          Token {
            "address": "0x6e32F26C48A1155bE3Ae90017320c6B615Bac3c8",
            "chainId": 988207,
            "decimals": 18,
            "name": "SECROX Token",
            "projectLink": "http://ecroxswap.com/",
            "symbol": "SECROX",
          },
          Token {
            "address": "0xb30ebc0Ec978472B4a500a717880fE4D8f8c3288",
            "chainId": 988207,
            "decimals": 18,
            "name": "BUSD",
            "projectLink": "",
            "symbol": "BUSD",
          },
        ],
        Array [
          Token {
            "address": "0x6e32F26C48A1155bE3Ae90017320c6B615Bac3c8",
            "chainId": 988207,
            "decimals": 18,
            "name": "SECROX Token",
            "projectLink": "http://ecroxswap.com/",
            "symbol": "SECROX",
          },
          Token {
            "address": "0xDA9eFA00a9A89EAEBcFaF3A3b0eA760e07A3AC04",
            "chainId": 988207,
            "decimals": 18,
            "name": "Tether USD",
            "projectLink": "https://tether.to/",
            "symbol": "WUSDT",
          },
        ],
        Array [
          Token {
            "address": "0x6e32F26C48A1155bE3Ae90017320c6B615Bac3c8",
            "chainId": 988207,
            "decimals": 18,
            "name": "SECROX Token",
            "projectLink": "http://ecroxswap.com/",
            "symbol": "SECROX",
          },
          Token {
            "address": "0x7130d2A12B9BCbFAe4f2634d864A1Ee1Ce3Ead9c",
            "chainId": 988207,
            "decimals": 18,
            "name": "Binance BTC",
            "projectLink": "https://bitcoin.org/",
            "symbol": "BTCB",
          },
        ],
        Array [
          Token {
            "address": "0x6e32F26C48A1155bE3Ae90017320c6B615Bac3c8",
            "chainId": 988207,
            "decimals": 18,
            "name": "SECROX Token",
            "projectLink": "http://ecroxswap.com/",
            "symbol": "SECROX",
          },
          Token {
            "address": "0x2170Ed0880ac9A755fd29B2688956BD959F933F8",
            "chainId": 988207,
            "decimals": 18,
            "name": "Binance-Peg Ethereum Token",
            "projectLink": "https://ethereum.org/en/",
            "symbol": "ETH",
          },
        ],
        Array [
          Token {
            "address": "0x6e32F26C48A1155bE3Ae90017320c6B615Bac3c8",
            "chainId": 988207,
            "decimals": 18,
            "name": "SECROX Token",
            "projectLink": "http://ecroxswap.com/",
            "symbol": "SECROX",
          },
          Token {
            "address": "0x8AC76a51cc950d9822D68b83fE1Ad97B32Cd580d",
            "chainId": 988207,
            "decimals": 18,
            "name": "Binance-Peg USD Coin",
            "projectLink": "https://www.centre.io/usdc",
            "symbol": "USDC",
          },
        ],
        Array [
          Token {
            "address": "0xbb4CdB9CBd36B01bD1cBaEBF2De08d9173bc095c",
            "chainId": 988207,
            "decimals": 18,
            "name": "Wrapped ECROX",
            "projectLink": "https://ecroxscan.com/",
            "symbol": "WECROX",
          },
          Token {
            "address": "0x6e32F26C48A1155bE3Ae90017320c6B615Bac3c8",
            "chainId": 988207,
            "decimals": 18,
            "name": "SECROX Token",
            "projectLink": "http://ecroxswap.com/",
            "symbol": "SECROX",
          },
        ],
        Array [
          Token {
            "address": "0xbb4CdB9CBd36B01bD1cBaEBF2De08d9173bc095c",
            "chainId": 988207,
            "decimals": 18,
            "name": "Wrapped ECROX",
            "projectLink": "https://ecroxscan.com/",
            "symbol": "WECROX",
          },
          Token {
            "address": "0xb30ebc0Ec978472B4a500a717880fE4D8f8c3288",
            "chainId": 988207,
            "decimals": 18,
            "name": "BUSD",
            "projectLink": "",
            "symbol": "BUSD",
          },
        ],
        Array [
          Token {
            "address": "0xbb4CdB9CBd36B01bD1cBaEBF2De08d9173bc095c",
            "chainId": 988207,
            "decimals": 18,
            "name": "Wrapped ECROX",
            "projectLink": "https://ecroxscan.com/",
            "symbol": "WECROX",
          },
          Token {
            "address": "0xDA9eFA00a9A89EAEBcFaF3A3b0eA760e07A3AC04",
            "chainId": 988207,
            "decimals": 18,
            "name": "Tether USD",
            "projectLink": "https://tether.to/",
            "symbol": "WUSDT",
          },
        ],
        Array [
          Token {
            "address": "0xbb4CdB9CBd36B01bD1cBaEBF2De08d9173bc095c",
            "chainId": 988207,
            "decimals": 18,
            "name": "Wrapped ECROX",
            "projectLink": "https://ecroxscan.com/",
            "symbol": "WECROX",
          },
          Token {
            "address": "0x7130d2A12B9BCbFAe4f2634d864A1Ee1Ce3Ead9c",
            "chainId": 988207,
            "decimals": 18,
            "name": "Binance BTC",
            "projectLink": "https://bitcoin.org/",
            "symbol": "BTCB",
          },
        ],
        Array [
          Token {
            "address": "0xbb4CdB9CBd36B01bD1cBaEBF2De08d9173bc095c",
            "chainId": 988207,
            "decimals": 18,
            "name": "Wrapped ECROX",
            "projectLink": "https://ecroxscan.com/",
            "symbol": "WECROX",
          },
          Token {
            "address": "0x2170Ed0880ac9A755fd29B2688956BD959F933F8",
            "chainId": 988207,
            "decimals": 18,
            "name": "Binance-Peg Ethereum Token",
            "projectLink": "https://ethereum.org/en/",
            "symbol": "ETH",
          },
        ],
        Array [
          Token {
            "address": "0xbb4CdB9CBd36B01bD1cBaEBF2De08d9173bc095c",
            "chainId": 988207,
            "decimals": 18,
            "name": "Wrapped ECROX",
            "projectLink": "https://ecroxscan.com/",
            "symbol": "WECROX",
          },
          Token {
            "address": "0x8AC76a51cc950d9822D68b83fE1Ad97B32Cd580d",
            "chainId": 988207,
            "decimals": 18,
            "name": "Binance-Peg USD Coin",
            "projectLink": "https://www.centre.io/usdc",
            "symbol": "USDC",
          },
        ],
        Array [
          Token {
            "address": "0x6e32F26C48A1155bE3Ae90017320c6B615Bac3c8",
            "chainId": 988207,
            "decimals": 18,
            "name": "SECROX Token",
            "projectLink": "http://ecroxswap.com/",
            "symbol": "SECROX",
          },
          Token {
            "address": "0xbb4CdB9CBd36B01bD1cBaEBF2De08d9173bc095c",
            "chainId": 988207,
            "decimals": 18,
            "name": "Wrapped ECROX",
            "projectLink": "https://ecroxscan.com/",
            "symbol": "WECROX",
          },
        ],
        Array [
          Token {
            "address": "0x6e32F26C48A1155bE3Ae90017320c6B615Bac3c8",
            "chainId": 988207,
            "decimals": 18,
            "name": "SECROX Token",
            "projectLink": "http://ecroxswap.com/",
            "symbol": "SECROX",
          },
          Token {
            "address": "0xb30ebc0Ec978472B4a500a717880fE4D8f8c3288",
            "chainId": 988207,
            "decimals": 18,
            "name": "BUSD",
            "projectLink": "",
            "symbol": "BUSD",
          },
        ],
        Array [
          Token {
            "address": "0x6e32F26C48A1155bE3Ae90017320c6B615Bac3c8",
            "chainId": 988207,
            "decimals": 18,
            "name": "SECROX Token",
            "projectLink": "http://ecroxswap.com/",
            "symbol": "SECROX",
          },
          Token {
            "address": "0xDA9eFA00a9A89EAEBcFaF3A3b0eA760e07A3AC04",
            "chainId": 988207,
            "decimals": 18,
            "name": "Tether USD",
            "projectLink": "https://tether.to/",
            "symbol": "WUSDT",
          },
        ],
        Array [
          Token {
            "address": "0x6e32F26C48A1155bE3Ae90017320c6B615Bac3c8",
            "chainId": 988207,
            "decimals": 18,
            "name": "SECROX Token",
            "projectLink": "http://ecroxswap.com/",
            "symbol": "SECROX",
          },
          Token {
            "address": "0x7130d2A12B9BCbFAe4f2634d864A1Ee1Ce3Ead9c",
            "chainId": 988207,
            "decimals": 18,
            "name": "Binance BTC",
            "projectLink": "https://bitcoin.org/",
            "symbol": "BTCB",
          },
        ],
        Array [
          Token {
            "address": "0x6e32F26C48A1155bE3Ae90017320c6B615Bac3c8",
            "chainId": 988207,
            "decimals": 18,
            "name": "SECROX Token",
            "projectLink": "http://ecroxswap.com/",
            "symbol": "SECROX",
          },
          Token {
            "address": "0x2170Ed0880ac9A755fd29B2688956BD959F933F8",
            "chainId": 988207,
            "decimals": 18,
            "name": "Binance-Peg Ethereum Token",
            "projectLink": "https://ethereum.org/en/",
            "symbol": "ETH",
          },
        ],
        Array [
          Token {
            "address": "0x6e32F26C48A1155bE3Ae90017320c6B615Bac3c8",
            "chainId": 988207,
            "decimals": 18,
            "name": "SECROX Token",
            "projectLink": "http://ecroxswap.com/",
            "symbol": "SECROX",
          },
          Token {
            "address": "0x8AC76a51cc950d9822D68b83fE1Ad97B32Cd580d",
            "chainId": 988207,
            "decimals": 18,
            "name": "Binance-Peg USD Coin",
            "projectLink": "https://www.centre.io/usdc",
            "symbol": "USDC",
          },
        ],
        Array [
          Token {
            "address": "0xb30ebc0Ec978472B4a500a717880fE4D8f8c3288",
            "chainId": 988207,
            "decimals": 18,
            "name": "BUSD",
            "projectLink": "",
            "symbol": "BUSD",
          },
          Token {
            "address": "0xbb4CdB9CBd36B01bD1cBaEBF2De08d9173bc095c",
            "chainId": 988207,
            "decimals": 18,
            "name": "Wrapped ECROX",
            "projectLink": "https://ecroxscan.com/",
            "symbol": "WECROX",
          },
        ],
        Array [
          Token {
            "address": "0xb30ebc0Ec978472B4a500a717880fE4D8f8c3288",
            "chainId": 988207,
            "decimals": 18,
            "name": "BUSD",
            "projectLink": "",
            "symbol": "BUSD",
          },
          Token {
            "address": "0x6e32F26C48A1155bE3Ae90017320c6B615Bac3c8",
            "chainId": 988207,
            "decimals": 18,
            "name": "SECROX Token",
            "projectLink": "http://ecroxswap.com/",
            "symbol": "SECROX",
          },
        ],
        Array [
          Token {
            "address": "0xb30ebc0Ec978472B4a500a717880fE4D8f8c3288",
            "chainId": 988207,
            "decimals": 18,
            "name": "BUSD",
            "projectLink": "",
            "symbol": "BUSD",
          },
          Token {
            "address": "0xDA9eFA00a9A89EAEBcFaF3A3b0eA760e07A3AC04",
            "chainId": 988207,
            "decimals": 18,
            "name": "Tether USD",
            "projectLink": "https://tether.to/",
            "symbol": "WUSDT",
          },
        ],
        Array [
          Token {
            "address": "0xb30ebc0Ec978472B4a500a717880fE4D8f8c3288",
            "chainId": 988207,
            "decimals": 18,
            "name": "BUSD",
            "projectLink": "",
            "symbol": "BUSD",
          },
          Token {
            "address": "0x7130d2A12B9BCbFAe4f2634d864A1Ee1Ce3Ead9c",
            "chainId": 988207,
            "decimals": 18,
            "name": "Binance BTC",
            "projectLink": "https://bitcoin.org/",
            "symbol": "BTCB",
          },
        ],
        Array [
          Token {
            "address": "0xb30ebc0Ec978472B4a500a717880fE4D8f8c3288",
            "chainId": 988207,
            "decimals": 18,
            "name": "BUSD",
            "projectLink": "",
            "symbol": "BUSD",
          },
          Token {
            "address": "0x2170Ed0880ac9A755fd29B2688956BD959F933F8",
            "chainId": 988207,
            "decimals": 18,
            "name": "Binance-Peg Ethereum Token",
            "projectLink": "https://ethereum.org/en/",
            "symbol": "ETH",
          },
        ],
        Array [
          Token {
            "address": "0xb30ebc0Ec978472B4a500a717880fE4D8f8c3288",
            "chainId": 988207,
            "decimals": 18,
            "name": "BUSD",
            "projectLink": "",
            "symbol": "BUSD",
          },
          Token {
            "address": "0x8AC76a51cc950d9822D68b83fE1Ad97B32Cd580d",
            "chainId": 988207,
            "decimals": 18,
            "name": "Binance-Peg USD Coin",
            "projectLink": "https://www.centre.io/usdc",
            "symbol": "USDC",
          },
        ],
        Array [
          Token {
            "address": "0xDA9eFA00a9A89EAEBcFaF3A3b0eA760e07A3AC04",
            "chainId": 988207,
            "decimals": 18,
            "name": "Tether USD",
            "projectLink": "https://tether.to/",
            "symbol": "WUSDT",
          },
          Token {
            "address": "0xbb4CdB9CBd36B01bD1cBaEBF2De08d9173bc095c",
            "chainId": 988207,
            "decimals": 18,
            "name": "Wrapped ECROX",
            "projectLink": "https://ecroxscan.com/",
            "symbol": "WECROX",
          },
        ],
        Array [
          Token {
            "address": "0xDA9eFA00a9A89EAEBcFaF3A3b0eA760e07A3AC04",
            "chainId": 988207,
            "decimals": 18,
            "name": "Tether USD",
            "projectLink": "https://tether.to/",
            "symbol": "WUSDT",
          },
          Token {
            "address": "0x6e32F26C48A1155bE3Ae90017320c6B615Bac3c8",
            "chainId": 988207,
            "decimals": 18,
            "name": "SECROX Token",
            "projectLink": "http://ecroxswap.com/",
            "symbol": "SECROX",
          },
        ],
        Array [
          Token {
            "address": "0xDA9eFA00a9A89EAEBcFaF3A3b0eA760e07A3AC04",
            "chainId": 988207,
            "decimals": 18,
            "name": "Tether USD",
            "projectLink": "https://tether.to/",
            "symbol": "WUSDT",
          },
          Token {
            "address": "0xb30ebc0Ec978472B4a500a717880fE4D8f8c3288",
            "chainId": 988207,
            "decimals": 18,
            "name": "BUSD",
            "projectLink": "",
            "symbol": "BUSD",
          },
        ],
        Array [
          Token {
            "address": "0xDA9eFA00a9A89EAEBcFaF3A3b0eA760e07A3AC04",
            "chainId": 988207,
            "decimals": 18,
            "name": "Tether USD",
            "projectLink": "https://tether.to/",
            "symbol": "WUSDT",
          },
          Token {
            "address": "0x7130d2A12B9BCbFAe4f2634d864A1Ee1Ce3Ead9c",
            "chainId": 988207,
            "decimals": 18,
            "name": "Binance BTC",
            "projectLink": "https://bitcoin.org/",
            "symbol": "BTCB",
          },
        ],
        Array [
          Token {
            "address": "0xDA9eFA00a9A89EAEBcFaF3A3b0eA760e07A3AC04",
            "chainId": 988207,
            "decimals": 18,
            "name": "Tether USD",
            "projectLink": "https://tether.to/",
            "symbol": "WUSDT",
          },
          Token {
            "address": "0x2170Ed0880ac9A755fd29B2688956BD959F933F8",
            "chainId": 988207,
            "decimals": 18,
            "name": "Binance-Peg Ethereum Token",
            "projectLink": "https://ethereum.org/en/",
            "symbol": "ETH",
          },
        ],
        Array [
          Token {
            "address": "0xDA9eFA00a9A89EAEBcFaF3A3b0eA760e07A3AC04",
            "chainId": 988207,
            "decimals": 18,
            "name": "Tether USD",
            "projectLink": "https://tether.to/",
            "symbol": "WUSDT",
          },
          Token {
            "address": "0x8AC76a51cc950d9822D68b83fE1Ad97B32Cd580d",
            "chainId": 988207,
            "decimals": 18,
            "name": "Binance-Peg USD Coin",
            "projectLink": "https://www.centre.io/usdc",
            "symbol": "USDC",
          },
        ],
        Array [
          Token {
            "address": "0x7130d2A12B9BCbFAe4f2634d864A1Ee1Ce3Ead9c",
            "chainId": 988207,
            "decimals": 18,
            "name": "Binance BTC",
            "projectLink": "https://bitcoin.org/",
            "symbol": "BTCB",
          },
          Token {
            "address": "0xbb4CdB9CBd36B01bD1cBaEBF2De08d9173bc095c",
            "chainId": 988207,
            "decimals": 18,
            "name": "Wrapped ECROX",
            "projectLink": "https://ecroxscan.com/",
            "symbol": "WECROX",
          },
        ],
        Array [
          Token {
            "address": "0x7130d2A12B9BCbFAe4f2634d864A1Ee1Ce3Ead9c",
            "chainId": 988207,
            "decimals": 18,
            "name": "Binance BTC",
            "projectLink": "https://bitcoin.org/",
            "symbol": "BTCB",
          },
          Token {
            "address": "0x6e32F26C48A1155bE3Ae90017320c6B615Bac3c8",
            "chainId": 988207,
            "decimals": 18,
            "name": "SECROX Token",
            "projectLink": "http://ecroxswap.com/",
            "symbol": "SECROX",
          },
        ],
        Array [
          Token {
            "address": "0x7130d2A12B9BCbFAe4f2634d864A1Ee1Ce3Ead9c",
            "chainId": 988207,
            "decimals": 18,
            "name": "Binance BTC",
            "projectLink": "https://bitcoin.org/",
            "symbol": "BTCB",
          },
          Token {
            "address": "0xb30ebc0Ec978472B4a500a717880fE4D8f8c3288",
            "chainId": 988207,
            "decimals": 18,
            "name": "BUSD",
            "projectLink": "",
            "symbol": "BUSD",
          },
        ],
        Array [
          Token {
            "address": "0x7130d2A12B9BCbFAe4f2634d864A1Ee1Ce3Ead9c",
            "chainId": 988207,
            "decimals": 18,
            "name": "Binance BTC",
            "projectLink": "https://bitcoin.org/",
            "symbol": "BTCB",
          },
          Token {
            "address": "0xDA9eFA00a9A89EAEBcFaF3A3b0eA760e07A3AC04",
            "chainId": 988207,
            "decimals": 18,
            "name": "Tether USD",
            "projectLink": "https://tether.to/",
            "symbol": "WUSDT",
          },
        ],
        Array [
          Token {
            "address": "0x7130d2A12B9BCbFAe4f2634d864A1Ee1Ce3Ead9c",
            "chainId": 988207,
            "decimals": 18,
            "name": "Binance BTC",
            "projectLink": "https://bitcoin.org/",
            "symbol": "BTCB",
          },
          Token {
            "address": "0x2170Ed0880ac9A755fd29B2688956BD959F933F8",
            "chainId": 988207,
            "decimals": 18,
            "name": "Binance-Peg Ethereum Token",
            "projectLink": "https://ethereum.org/en/",
            "symbol": "ETH",
          },
        ],
        Array [
          Token {
            "address": "0x7130d2A12B9BCbFAe4f2634d864A1Ee1Ce3Ead9c",
            "chainId": 988207,
            "decimals": 18,
            "name": "Binance BTC",
            "projectLink": "https://bitcoin.org/",
            "symbol": "BTCB",
          },
          Token {
            "address": "0x8AC76a51cc950d9822D68b83fE1Ad97B32Cd580d",
            "chainId": 988207,
            "decimals": 18,
            "name": "Binance-Peg USD Coin",
            "projectLink": "https://www.centre.io/usdc",
            "symbol": "USDC",
          },
        ],
        Array [
          Token {
            "address": "0x2170Ed0880ac9A755fd29B2688956BD959F933F8",
            "chainId": 988207,
            "decimals": 18,
            "name": "Binance-Peg Ethereum Token",
            "projectLink": "https://ethereum.org/en/",
            "symbol": "ETH",
          },
          Token {
            "address": "0xbb4CdB9CBd36B01bD1cBaEBF2De08d9173bc095c",
            "chainId": 988207,
            "decimals": 18,
            "name": "Wrapped ECROX",
            "projectLink": "https://ecroxscan.com/",
            "symbol": "WECROX",
          },
        ],
        Array [
          Token {
            "address": "0x2170Ed0880ac9A755fd29B2688956BD959F933F8",
            "chainId": 988207,
            "decimals": 18,
            "name": "Binance-Peg Ethereum Token",
            "projectLink": "https://ethereum.org/en/",
            "symbol": "ETH",
          },
          Token {
            "address": "0x6e32F26C48A1155bE3Ae90017320c6B615Bac3c8",
            "chainId": 988207,
            "decimals": 18,
            "name": "SECROX Token",
            "projectLink": "http://ecroxswap.com/",
            "symbol": "SECROX",
          },
        ],
        Array [
          Token {
            "address": "0x2170Ed0880ac9A755fd29B2688956BD959F933F8",
            "chainId": 988207,
            "decimals": 18,
            "name": "Binance-Peg Ethereum Token",
            "projectLink": "https://ethereum.org/en/",
            "symbol": "ETH",
          },
          Token {
            "address": "0xb30ebc0Ec978472B4a500a717880fE4D8f8c3288",
            "chainId": 988207,
            "decimals": 18,
            "name": "BUSD",
            "projectLink": "",
            "symbol": "BUSD",
          },
        ],
        Array [
          Token {
            "address": "0x2170Ed0880ac9A755fd29B2688956BD959F933F8",
            "chainId": 988207,
            "decimals": 18,
            "name": "Binance-Peg Ethereum Token",
            "projectLink": "https://ethereum.org/en/",
            "symbol": "ETH",
          },
          Token {
            "address": "0xDA9eFA00a9A89EAEBcFaF3A3b0eA760e07A3AC04",
            "chainId": 988207,
            "decimals": 18,
            "name": "Tether USD",
            "projectLink": "https://tether.to/",
            "symbol": "WUSDT",
          },
        ],
        Array [
          Token {
            "address": "0x2170Ed0880ac9A755fd29B2688956BD959F933F8",
            "chainId": 988207,
            "decimals": 18,
            "name": "Binance-Peg Ethereum Token",
            "projectLink": "https://ethereum.org/en/",
            "symbol": "ETH",
          },
          Token {
            "address": "0x7130d2A12B9BCbFAe4f2634d864A1Ee1Ce3Ead9c",
            "chainId": 988207,
            "decimals": 18,
            "name": "Binance BTC",
            "projectLink": "https://bitcoin.org/",
            "symbol": "BTCB",
          },
        ],
        Array [
          Token {
            "address": "0x2170Ed0880ac9A755fd29B2688956BD959F933F8",
            "chainId": 988207,
            "decimals": 18,
            "name": "Binance-Peg Ethereum Token",
            "projectLink": "https://ethereum.org/en/",
            "symbol": "ETH",
          },
          Token {
            "address": "0x8AC76a51cc950d9822D68b83fE1Ad97B32Cd580d",
            "chainId": 988207,
            "decimals": 18,
            "name": "Binance-Peg USD Coin",
            "projectLink": "https://www.centre.io/usdc",
            "symbol": "USDC",
          },
        ],
        Array [
          Token {
            "address": "0x8AC76a51cc950d9822D68b83fE1Ad97B32Cd580d",
            "chainId": 988207,
            "decimals": 18,
            "name": "Binance-Peg USD Coin",
            "projectLink": "https://www.centre.io/usdc",
            "symbol": "USDC",
          },
          Token {
            "address": "0xbb4CdB9CBd36B01bD1cBaEBF2De08d9173bc095c",
            "chainId": 988207,
            "decimals": 18,
            "name": "Wrapped ECROX",
            "projectLink": "https://ecroxscan.com/",
            "symbol": "WECROX",
          },
        ],
        Array [
          Token {
            "address": "0x8AC76a51cc950d9822D68b83fE1Ad97B32Cd580d",
            "chainId": 988207,
            "decimals": 18,
            "name": "Binance-Peg USD Coin",
            "projectLink": "https://www.centre.io/usdc",
            "symbol": "USDC",
          },
          Token {
            "address": "0x6e32F26C48A1155bE3Ae90017320c6B615Bac3c8",
            "chainId": 988207,
            "decimals": 18,
            "name": "SECROX Token",
            "projectLink": "http://ecroxswap.com/",
            "symbol": "SECROX",
          },
        ],
        Array [
          Token {
            "address": "0x8AC76a51cc950d9822D68b83fE1Ad97B32Cd580d",
            "chainId": 988207,
            "decimals": 18,
            "name": "Binance-Peg USD Coin",
            "projectLink": "https://www.centre.io/usdc",
            "symbol": "USDC",
          },
          Token {
            "address": "0xb30ebc0Ec978472B4a500a717880fE4D8f8c3288",
            "chainId": 988207,
            "decimals": 18,
            "name": "BUSD",
            "projectLink": "",
            "symbol": "BUSD",
          },
        ],
        Array [
          Token {
            "address": "0x8AC76a51cc950d9822D68b83fE1Ad97B32Cd580d",
            "chainId": 988207,
            "decimals": 18,
            "name": "Binance-Peg USD Coin",
            "projectLink": "https://www.centre.io/usdc",
            "symbol": "USDC",
          },
          Token {
            "address": "0xDA9eFA00a9A89EAEBcFaF3A3b0eA760e07A3AC04",
            "chainId": 988207,
            "decimals": 18,
            "name": "Tether USD",
            "projectLink": "https://tether.to/",
            "symbol": "WUSDT",
          },
        ],
        Array [
          Token {
            "address": "0x8AC76a51cc950d9822D68b83fE1Ad97B32Cd580d",
            "chainId": 988207,
            "decimals": 18,
            "name": "Binance-Peg USD Coin",
            "projectLink": "https://www.centre.io/usdc",
            "symbol": "USDC",
          },
          Token {
            "address": "0x7130d2A12B9BCbFAe4f2634d864A1Ee1Ce3Ead9c",
            "chainId": 988207,
            "decimals": 18,
            "name": "Binance BTC",
            "projectLink": "https://bitcoin.org/",
            "symbol": "BTCB",
          },
        ],
        Array [
          Token {
            "address": "0x8AC76a51cc950d9822D68b83fE1Ad97B32Cd580d",
            "chainId": 988207,
            "decimals": 18,
            "name": "Binance-Peg USD Coin",
            "projectLink": "https://www.centre.io/usdc",
            "symbol": "USDC",
          },
          Token {
            "address": "0x2170Ed0880ac9A755fd29B2688956BD959F933F8",
            "chainId": 988207,
            "decimals": 18,
            "name": "Binance-Peg Ethereum Token",
            "projectLink": "https://ethereum.org/en/",
            "symbol": "ETH",
          },
        ],
      ],
    ],
  ],
  "results": Array [
    Object {
      "type": "return",
      "value": Array [
        Array [
          2,
          Pair {
            "liquidityToken": Token {
              "address": "0x0eD7e52944161450477ee417DE9Cd3a859b14fD0",
              "chainId": 988207,
              "decimals": 18,
              "name": "SECROX LPs",
              "projectLink": undefined,
              "symbol": "SECROX-LP",
            },
            "tokenAmounts": Array [
              TokenAmount {
                "currency": Token {
                  "address": "0x6e32F26C48A1155bE3Ae90017320c6B615Bac3c8",
                  "chainId": 988207,
                  "decimals": 18,
                  "name": "SECROX Token",
                  "projectLink": "http://ecroxswap.com/",
                  "symbol": "SECROX",
                },
                "denominator": JSBI [
                  660865024,
                  931322574,
                ],
                "numerator": JSBI [
                  1,
                ],
                "token": Token {
                  "address": "0x6e32F26C48A1155bE3Ae90017320c6B615Bac3c8",
                  "chainId": 988207,
                  "decimals": 18,
                  "name": "SECROX Token",
                  "projectLink": "http://ecroxswap.com/",
                  "symbol": "SECROX",
                },
              },
              TokenAmount {
                "currency": Token {
                  "address": "0xbb4CdB9CBd36B01bD1cBaEBF2De08d9173bc095c",
                  "chainId": 988207,
                  "decimals": 18,
                  "name": "Wrapped ECROX",
                  "projectLink": "https://ecroxscan.com/",
                  "symbol": "WECROX",
                },
                "denominator": JSBI [
                  660865024,
                  931322574,
                ],
                "numerator": JSBI [
                  1,
                ],
                "token": Token {
                  "address": "0xbb4CdB9CBd36B01bD1cBaEBF2De08d9173bc095c",
                  "chainId": 988207,
                  "decimals": 18,
                  "name": "Wrapped ECROX",
                  "projectLink": "https://ecroxscan.com/",
                  "symbol": "WECROX",
                },
              },
            ],
          },
        ],
        Array [
          2,
          Pair {
            "liquidityToken": Token {
              "address": "0x0eD7e52944161450477ee417DE9Cd3a859b14fD0",
              "chainId": 988207,
              "decimals": 18,
              "name": "SECROX LPs",
              "projectLink": undefined,
              "symbol": "SECROX-LP",
            },
            "tokenAmounts": Array [
              TokenAmount {
                "currency": Token {
                  "address": "0x6e32F26C48A1155bE3Ae90017320c6B615Bac3c8",
                  "chainId": 988207,
                  "decimals": 18,
                  "name": "SECROX Token",
                  "projectLink": "http://ecroxswap.com/",
                  "symbol": "SECROX",
                },
                "denominator": JSBI [
                  660865024,
                  931322574,
                ],
                "numerator": JSBI [
                  1,
                ],
                "token": Token {
                  "address": "0x6e32F26C48A1155bE3Ae90017320c6B615Bac3c8",
                  "chainId": 988207,
                  "decimals": 18,
                  "name": "SECROX Token",
                  "projectLink": "http://ecroxswap.com/",
                  "symbol": "SECROX",
                },
              },
              TokenAmount {
                "currency": Token {
                  "address": "0xbb4CdB9CBd36B01bD1cBaEBF2De08d9173bc095c",
                  "chainId": 988207,
                  "decimals": 18,
                  "name": "Wrapped ECROX",
                  "projectLink": "https://ecroxscan.com/",
                  "symbol": "WECROX",
                },
                "denominator": JSBI [
                  660865024,
                  931322574,
                ],
                "numerator": JSBI [
                  1,
                ],
                "token": Token {
                  "address": "0xbb4CdB9CBd36B01bD1cBaEBF2De08d9173bc095c",
                  "chainId": 988207,
                  "decimals": 18,
                  "name": "Wrapped ECROX",
                  "projectLink": "https://ecroxscan.com/",
                  "symbol": "WECROX",
                },
              },
            ],
          },
        ],
        Array [
          2,
          Pair {
            "liquidityToken": Token {
              "address": "0x0eD7e52944161450477ee417DE9Cd3a859b14fD0",
              "chainId": 988207,
              "decimals": 18,
              "name": "SECROX LPs",
              "projectLink": undefined,
              "symbol": "SECROX-LP",
            },
            "tokenAmounts": Array [
              TokenAmount {
                "currency": Token {
                  "address": "0x6e32F26C48A1155bE3Ae90017320c6B615Bac3c8",
                  "chainId": 988207,
                  "decimals": 18,
                  "name": "SECROX Token",
                  "projectLink": "http://ecroxswap.com/",
                  "symbol": "SECROX",
                },
                "denominator": JSBI [
                  660865024,
                  931322574,
                ],
                "numerator": JSBI [
                  1,
                ],
                "token": Token {
                  "address": "0x6e32F26C48A1155bE3Ae90017320c6B615Bac3c8",
                  "chainId": 988207,
                  "decimals": 18,
                  "name": "SECROX Token",
                  "projectLink": "http://ecroxswap.com/",
                  "symbol": "SECROX",
                },
              },
              TokenAmount {
                "currency": Token {
                  "address": "0xbb4CdB9CBd36B01bD1cBaEBF2De08d9173bc095c",
                  "chainId": 988207,
                  "decimals": 18,
                  "name": "Wrapped ECROX",
                  "projectLink": "https://ecroxscan.com/",
                  "symbol": "WECROX",
                },
                "denominator": JSBI [
                  660865024,
                  931322574,
                ],
                "numerator": JSBI [
                  1,
                ],
                "token": Token {
                  "address": "0xbb4CdB9CBd36B01bD1cBaEBF2De08d9173bc095c",
                  "chainId": 988207,
                  "decimals": 18,
                  "name": "Wrapped ECROX",
                  "projectLink": "https://ecroxscan.com/",
                  "symbol": "WECROX",
                },
              },
            ],
          },
        ],
        Array [
          2,
          null,
        ],
      ],
    },
  ],
}
`;

exports[`Trade #useAllCommonPairs should get all pair combinations, wecrox, wecrox 1`] = `
[MockFunction] {
  "calls": Array [
    Array [
      Array [
        Array [
          Token {
            "address": "0xbb4CdB9CBd36B01bD1cBaEBF2De08d9173bc095c",
            "chainId": 988207,
            "decimals": 18,
            "name": "Wrapped ECROX",
            "projectLink": "https://ecroxscan.com/",
            "symbol": "WECROX",
          },
          Token {
            "address": "0x6e32F26C48A1155bE3Ae90017320c6B615Bac3c8",
            "chainId": 988207,
            "decimals": 18,
            "name": "SECROX Token",
            "projectLink": "http://ecroxswap.com/",
            "symbol": "SECROX",
          },
        ],
        Array [
          Token {
            "address": "0xbb4CdB9CBd36B01bD1cBaEBF2De08d9173bc095c",
            "chainId": 988207,
            "decimals": 18,
            "name": "Wrapped ECROX",
            "projectLink": "https://ecroxscan.com/",
            "symbol": "WECROX",
          },
          Token {
            "address": "0xb30ebc0Ec978472B4a500a717880fE4D8f8c3288",
            "chainId": 988207,
            "decimals": 18,
            "name": "BUSD",
            "projectLink": "",
            "symbol": "BUSD",
          },
        ],
        Array [
          Token {
            "address": "0xbb4CdB9CBd36B01bD1cBaEBF2De08d9173bc095c",
            "chainId": 988207,
            "decimals": 18,
            "name": "Wrapped ECROX",
            "projectLink": "https://ecroxscan.com/",
            "symbol": "WECROX",
          },
          Token {
            "address": "0xDA9eFA00a9A89EAEBcFaF3A3b0eA760e07A3AC04",
            "chainId": 988207,
            "decimals": 18,
            "name": "Tether USD",
            "projectLink": "https://tether.to/",
            "symbol": "WUSDT",
          },
        ],
        Array [
          Token {
            "address": "0xbb4CdB9CBd36B01bD1cBaEBF2De08d9173bc095c",
            "chainId": 988207,
            "decimals": 18,
            "name": "Wrapped ECROX",
            "projectLink": "https://ecroxscan.com/",
            "symbol": "WECROX",
          },
          Token {
            "address": "0x7130d2A12B9BCbFAe4f2634d864A1Ee1Ce3Ead9c",
            "chainId": 988207,
            "decimals": 18,
            "name": "Binance BTC",
            "projectLink": "https://bitcoin.org/",
            "symbol": "BTCB",
          },
        ],
        Array [
          Token {
            "address": "0xbb4CdB9CBd36B01bD1cBaEBF2De08d9173bc095c",
            "chainId": 988207,
            "decimals": 18,
            "name": "Wrapped ECROX",
            "projectLink": "https://ecroxscan.com/",
            "symbol": "WECROX",
          },
          Token {
            "address": "0x2170Ed0880ac9A755fd29B2688956BD959F933F8",
            "chainId": 988207,
            "decimals": 18,
            "name": "Binance-Peg Ethereum Token",
            "projectLink": "https://ethereum.org/en/",
            "symbol": "ETH",
          },
        ],
        Array [
          Token {
            "address": "0xbb4CdB9CBd36B01bD1cBaEBF2De08d9173bc095c",
            "chainId": 988207,
            "decimals": 18,
            "name": "Wrapped ECROX",
            "projectLink": "https://ecroxscan.com/",
            "symbol": "WECROX",
          },
          Token {
            "address": "0x8AC76a51cc950d9822D68b83fE1Ad97B32Cd580d",
            "chainId": 988207,
            "decimals": 18,
            "name": "Binance-Peg USD Coin",
            "projectLink": "https://www.centre.io/usdc",
            "symbol": "USDC",
          },
        ],
        Array [
          Token {
            "address": "0xbb4CdB9CBd36B01bD1cBaEBF2De08d9173bc095c",
            "chainId": 988207,
            "decimals": 18,
            "name": "Wrapped ECROX",
            "projectLink": "https://ecroxscan.com/",
            "symbol": "WECROX",
          },
          Token {
            "address": "0x6e32F26C48A1155bE3Ae90017320c6B615Bac3c8",
            "chainId": 988207,
            "decimals": 18,
            "name": "SECROX Token",
            "projectLink": "http://ecroxswap.com/",
            "symbol": "SECROX",
          },
        ],
        Array [
          Token {
            "address": "0xbb4CdB9CBd36B01bD1cBaEBF2De08d9173bc095c",
            "chainId": 988207,
            "decimals": 18,
            "name": "Wrapped ECROX",
            "projectLink": "https://ecroxscan.com/",
            "symbol": "WECROX",
          },
          Token {
            "address": "0xb30ebc0Ec978472B4a500a717880fE4D8f8c3288",
            "chainId": 988207,
            "decimals": 18,
            "name": "BUSD",
            "projectLink": "",
            "symbol": "BUSD",
          },
        ],
        Array [
          Token {
            "address": "0xbb4CdB9CBd36B01bD1cBaEBF2De08d9173bc095c",
            "chainId": 988207,
            "decimals": 18,
            "name": "Wrapped ECROX",
            "projectLink": "https://ecroxscan.com/",
            "symbol": "WECROX",
          },
          Token {
            "address": "0xDA9eFA00a9A89EAEBcFaF3A3b0eA760e07A3AC04",
            "chainId": 988207,
            "decimals": 18,
            "name": "Tether USD",
            "projectLink": "https://tether.to/",
            "symbol": "WUSDT",
          },
        ],
        Array [
          Token {
            "address": "0xbb4CdB9CBd36B01bD1cBaEBF2De08d9173bc095c",
            "chainId": 988207,
            "decimals": 18,
            "name": "Wrapped ECROX",
            "projectLink": "https://ecroxscan.com/",
            "symbol": "WECROX",
          },
          Token {
            "address": "0x7130d2A12B9BCbFAe4f2634d864A1Ee1Ce3Ead9c",
            "chainId": 988207,
            "decimals": 18,
            "name": "Binance BTC",
            "projectLink": "https://bitcoin.org/",
            "symbol": "BTCB",
          },
        ],
        Array [
          Token {
            "address": "0xbb4CdB9CBd36B01bD1cBaEBF2De08d9173bc095c",
            "chainId": 988207,
            "decimals": 18,
            "name": "Wrapped ECROX",
            "projectLink": "https://ecroxscan.com/",
            "symbol": "WECROX",
          },
          Token {
            "address": "0x2170Ed0880ac9A755fd29B2688956BD959F933F8",
            "chainId": 988207,
            "decimals": 18,
            "name": "Binance-Peg Ethereum Token",
            "projectLink": "https://ethereum.org/en/",
            "symbol": "ETH",
          },
        ],
        Array [
          Token {
            "address": "0xbb4CdB9CBd36B01bD1cBaEBF2De08d9173bc095c",
            "chainId": 988207,
            "decimals": 18,
            "name": "Wrapped ECROX",
            "projectLink": "https://ecroxscan.com/",
            "symbol": "WECROX",
          },
          Token {
            "address": "0x8AC76a51cc950d9822D68b83fE1Ad97B32Cd580d",
            "chainId": 988207,
            "decimals": 18,
            "name": "Binance-Peg USD Coin",
            "projectLink": "https://www.centre.io/usdc",
            "symbol": "USDC",
          },
        ],
        Array [
          Token {
            "address": "0xbb4CdB9CBd36B01bD1cBaEBF2De08d9173bc095c",
            "chainId": 988207,
            "decimals": 18,
            "name": "Wrapped ECROX",
            "projectLink": "https://ecroxscan.com/",
            "symbol": "WECROX",
          },
          Token {
            "address": "0x6e32F26C48A1155bE3Ae90017320c6B615Bac3c8",
            "chainId": 988207,
            "decimals": 18,
            "name": "SECROX Token",
            "projectLink": "http://ecroxswap.com/",
            "symbol": "SECROX",
          },
        ],
        Array [
          Token {
            "address": "0xbb4CdB9CBd36B01bD1cBaEBF2De08d9173bc095c",
            "chainId": 988207,
            "decimals": 18,
            "name": "Wrapped ECROX",
            "projectLink": "https://ecroxscan.com/",
            "symbol": "WECROX",
          },
          Token {
            "address": "0xb30ebc0Ec978472B4a500a717880fE4D8f8c3288",
            "chainId": 988207,
            "decimals": 18,
            "name": "BUSD",
            "projectLink": "",
            "symbol": "BUSD",
          },
        ],
        Array [
          Token {
            "address": "0xbb4CdB9CBd36B01bD1cBaEBF2De08d9173bc095c",
            "chainId": 988207,
            "decimals": 18,
            "name": "Wrapped ECROX",
            "projectLink": "https://ecroxscan.com/",
            "symbol": "WECROX",
          },
          Token {
            "address": "0xDA9eFA00a9A89EAEBcFaF3A3b0eA760e07A3AC04",
            "chainId": 988207,
            "decimals": 18,
            "name": "Tether USD",
            "projectLink": "https://tether.to/",
            "symbol": "WUSDT",
          },
        ],
        Array [
          Token {
            "address": "0xbb4CdB9CBd36B01bD1cBaEBF2De08d9173bc095c",
            "chainId": 988207,
            "decimals": 18,
            "name": "Wrapped ECROX",
            "projectLink": "https://ecroxscan.com/",
            "symbol": "WECROX",
          },
          Token {
            "address": "0x7130d2A12B9BCbFAe4f2634d864A1Ee1Ce3Ead9c",
            "chainId": 988207,
            "decimals": 18,
            "name": "Binance BTC",
            "projectLink": "https://bitcoin.org/",
            "symbol": "BTCB",
          },
        ],
        Array [
          Token {
            "address": "0xbb4CdB9CBd36B01bD1cBaEBF2De08d9173bc095c",
            "chainId": 988207,
            "decimals": 18,
            "name": "Wrapped ECROX",
            "projectLink": "https://ecroxscan.com/",
            "symbol": "WECROX",
          },
          Token {
            "address": "0x2170Ed0880ac9A755fd29B2688956BD959F933F8",
            "chainId": 988207,
            "decimals": 18,
            "name": "Binance-Peg Ethereum Token",
            "projectLink": "https://ethereum.org/en/",
            "symbol": "ETH",
          },
        ],
        Array [
          Token {
            "address": "0xbb4CdB9CBd36B01bD1cBaEBF2De08d9173bc095c",
            "chainId": 988207,
            "decimals": 18,
            "name": "Wrapped ECROX",
            "projectLink": "https://ecroxscan.com/",
            "symbol": "WECROX",
          },
          Token {
            "address": "0x8AC76a51cc950d9822D68b83fE1Ad97B32Cd580d",
            "chainId": 988207,
            "decimals": 18,
            "name": "Binance-Peg USD Coin",
            "projectLink": "https://www.centre.io/usdc",
            "symbol": "USDC",
          },
        ],
        Array [
          Token {
            "address": "0x6e32F26C48A1155bE3Ae90017320c6B615Bac3c8",
            "chainId": 988207,
            "decimals": 18,
            "name": "SECROX Token",
            "projectLink": "http://ecroxswap.com/",
            "symbol": "SECROX",
          },
          Token {
            "address": "0xbb4CdB9CBd36B01bD1cBaEBF2De08d9173bc095c",
            "chainId": 988207,
            "decimals": 18,
            "name": "Wrapped ECROX",
            "projectLink": "https://ecroxscan.com/",
            "symbol": "WECROX",
          },
        ],
        Array [
          Token {
            "address": "0x6e32F26C48A1155bE3Ae90017320c6B615Bac3c8",
            "chainId": 988207,
            "decimals": 18,
            "name": "SECROX Token",
            "projectLink": "http://ecroxswap.com/",
            "symbol": "SECROX",
          },
          Token {
            "address": "0xb30ebc0Ec978472B4a500a717880fE4D8f8c3288",
            "chainId": 988207,
            "decimals": 18,
            "name": "BUSD",
            "projectLink": "",
            "symbol": "BUSD",
          },
        ],
        Array [
          Token {
            "address": "0x6e32F26C48A1155bE3Ae90017320c6B615Bac3c8",
            "chainId": 988207,
            "decimals": 18,
            "name": "SECROX Token",
            "projectLink": "http://ecroxswap.com/",
            "symbol": "SECROX",
          },
          Token {
            "address": "0xDA9eFA00a9A89EAEBcFaF3A3b0eA760e07A3AC04",
            "chainId": 988207,
            "decimals": 18,
            "name": "Tether USD",
            "projectLink": "https://tether.to/",
            "symbol": "WUSDT",
          },
        ],
        Array [
          Token {
            "address": "0x6e32F26C48A1155bE3Ae90017320c6B615Bac3c8",
            "chainId": 988207,
            "decimals": 18,
            "name": "SECROX Token",
            "projectLink": "http://ecroxswap.com/",
            "symbol": "SECROX",
          },
          Token {
            "address": "0x7130d2A12B9BCbFAe4f2634d864A1Ee1Ce3Ead9c",
            "chainId": 988207,
            "decimals": 18,
            "name": "Binance BTC",
            "projectLink": "https://bitcoin.org/",
            "symbol": "BTCB",
          },
        ],
        Array [
          Token {
            "address": "0x6e32F26C48A1155bE3Ae90017320c6B615Bac3c8",
            "chainId": 988207,
            "decimals": 18,
            "name": "SECROX Token",
            "projectLink": "http://ecroxswap.com/",
            "symbol": "SECROX",
          },
          Token {
            "address": "0x2170Ed0880ac9A755fd29B2688956BD959F933F8",
            "chainId": 988207,
            "decimals": 18,
            "name": "Binance-Peg Ethereum Token",
            "projectLink": "https://ethereum.org/en/",
            "symbol": "ETH",
          },
        ],
        Array [
          Token {
            "address": "0x6e32F26C48A1155bE3Ae90017320c6B615Bac3c8",
            "chainId": 988207,
            "decimals": 18,
            "name": "SECROX Token",
            "projectLink": "http://ecroxswap.com/",
            "symbol": "SECROX",
          },
          Token {
            "address": "0x8AC76a51cc950d9822D68b83fE1Ad97B32Cd580d",
            "chainId": 988207,
            "decimals": 18,
            "name": "Binance-Peg USD Coin",
            "projectLink": "https://www.centre.io/usdc",
            "symbol": "USDC",
          },
        ],
        Array [
          Token {
            "address": "0xb30ebc0Ec978472B4a500a717880fE4D8f8c3288",
            "chainId": 988207,
            "decimals": 18,
            "name": "BUSD",
            "projectLink": "",
            "symbol": "BUSD",
          },
          Token {
            "address": "0xbb4CdB9CBd36B01bD1cBaEBF2De08d9173bc095c",
            "chainId": 988207,
            "decimals": 18,
            "name": "Wrapped ECROX",
            "projectLink": "https://ecroxscan.com/",
            "symbol": "WECROX",
          },
        ],
        Array [
          Token {
            "address": "0xb30ebc0Ec978472B4a500a717880fE4D8f8c3288",
            "chainId": 988207,
            "decimals": 18,
            "name": "BUSD",
            "projectLink": "",
            "symbol": "BUSD",
          },
          Token {
            "address": "0x6e32F26C48A1155bE3Ae90017320c6B615Bac3c8",
            "chainId": 988207,
            "decimals": 18,
            "name": "SECROX Token",
            "projectLink": "http://ecroxswap.com/",
            "symbol": "SECROX",
          },
        ],
        Array [
          Token {
            "address": "0xb30ebc0Ec978472B4a500a717880fE4D8f8c3288",
            "chainId": 988207,
            "decimals": 18,
            "name": "BUSD",
            "projectLink": "",
            "symbol": "BUSD",
          },
          Token {
            "address": "0xDA9eFA00a9A89EAEBcFaF3A3b0eA760e07A3AC04",
            "chainId": 988207,
            "decimals": 18,
            "name": "Tether USD",
            "projectLink": "https://tether.to/",
            "symbol": "WUSDT",
          },
        ],
        Array [
          Token {
            "address": "0xb30ebc0Ec978472B4a500a717880fE4D8f8c3288",
            "chainId": 988207,
            "decimals": 18,
            "name": "BUSD",
            "projectLink": "",
            "symbol": "BUSD",
          },
          Token {
            "address": "0x7130d2A12B9BCbFAe4f2634d864A1Ee1Ce3Ead9c",
            "chainId": 988207,
            "decimals": 18,
            "name": "Binance BTC",
            "projectLink": "https://bitcoin.org/",
            "symbol": "BTCB",
          },
        ],
        Array [
          Token {
            "address": "0xb30ebc0Ec978472B4a500a717880fE4D8f8c3288",
            "chainId": 988207,
            "decimals": 18,
            "name": "BUSD",
            "projectLink": "",
            "symbol": "BUSD",
          },
          Token {
            "address": "0x2170Ed0880ac9A755fd29B2688956BD959F933F8",
            "chainId": 988207,
            "decimals": 18,
            "name": "Binance-Peg Ethereum Token",
            "projectLink": "https://ethereum.org/en/",
            "symbol": "ETH",
          },
        ],
        Array [
          Token {
            "address": "0xb30ebc0Ec978472B4a500a717880fE4D8f8c3288",
            "chainId": 988207,
            "decimals": 18,
            "name": "BUSD",
            "projectLink": "",
            "symbol": "BUSD",
          },
          Token {
            "address": "0x8AC76a51cc950d9822D68b83fE1Ad97B32Cd580d",
            "chainId": 988207,
            "decimals": 18,
            "name": "Binance-Peg USD Coin",
            "projectLink": "https://www.centre.io/usdc",
            "symbol": "USDC",
          },
        ],
        Array [
          Token {
            "address": "0xDA9eFA00a9A89EAEBcFaF3A3b0eA760e07A3AC04",
            "chainId": 988207,
            "decimals": 18,
            "name": "Tether USD",
            "projectLink": "https://tether.to/",
            "symbol": "WUSDT",
          },
          Token {
            "address": "0xbb4CdB9CBd36B01bD1cBaEBF2De08d9173bc095c",
            "chainId": 988207,
            "decimals": 18,
            "name": "Wrapped ECROX",
            "projectLink": "https://ecroxscan.com/",
            "symbol": "WECROX",
          },
        ],
        Array [
          Token {
            "address": "0xDA9eFA00a9A89EAEBcFaF3A3b0eA760e07A3AC04",
            "chainId": 988207,
            "decimals": 18,
            "name": "Tether USD",
            "projectLink": "https://tether.to/",
            "symbol": "WUSDT",
          },
          Token {
            "address": "0x6e32F26C48A1155bE3Ae90017320c6B615Bac3c8",
            "chainId": 988207,
            "decimals": 18,
            "name": "SECROX Token",
            "projectLink": "http://ecroxswap.com/",
            "symbol": "SECROX",
          },
        ],
        Array [
          Token {
            "address": "0xDA9eFA00a9A89EAEBcFaF3A3b0eA760e07A3AC04",
            "chainId": 988207,
            "decimals": 18,
            "name": "Tether USD",
            "projectLink": "https://tether.to/",
            "symbol": "WUSDT",
          },
          Token {
            "address": "0xb30ebc0Ec978472B4a500a717880fE4D8f8c3288",
            "chainId": 988207,
            "decimals": 18,
            "name": "BUSD",
            "projectLink": "",
            "symbol": "BUSD",
          },
        ],
        Array [
          Token {
            "address": "0xDA9eFA00a9A89EAEBcFaF3A3b0eA760e07A3AC04",
            "chainId": 988207,
            "decimals": 18,
            "name": "Tether USD",
            "projectLink": "https://tether.to/",
            "symbol": "WUSDT",
          },
          Token {
            "address": "0x7130d2A12B9BCbFAe4f2634d864A1Ee1Ce3Ead9c",
            "chainId": 988207,
            "decimals": 18,
            "name": "Binance BTC",
            "projectLink": "https://bitcoin.org/",
            "symbol": "BTCB",
          },
        ],
        Array [
          Token {
            "address": "0xDA9eFA00a9A89EAEBcFaF3A3b0eA760e07A3AC04",
            "chainId": 988207,
            "decimals": 18,
            "name": "Tether USD",
            "projectLink": "https://tether.to/",
            "symbol": "WUSDT",
          },
          Token {
            "address": "0x2170Ed0880ac9A755fd29B2688956BD959F933F8",
            "chainId": 988207,
            "decimals": 18,
            "name": "Binance-Peg Ethereum Token",
            "projectLink": "https://ethereum.org/en/",
            "symbol": "ETH",
          },
        ],
        Array [
          Token {
            "address": "0xDA9eFA00a9A89EAEBcFaF3A3b0eA760e07A3AC04",
            "chainId": 988207,
            "decimals": 18,
            "name": "Tether USD",
            "projectLink": "https://tether.to/",
            "symbol": "WUSDT",
          },
          Token {
            "address": "0x8AC76a51cc950d9822D68b83fE1Ad97B32Cd580d",
            "chainId": 988207,
            "decimals": 18,
            "name": "Binance-Peg USD Coin",
            "projectLink": "https://www.centre.io/usdc",
            "symbol": "USDC",
          },
        ],
        Array [
          Token {
            "address": "0x7130d2A12B9BCbFAe4f2634d864A1Ee1Ce3Ead9c",
            "chainId": 988207,
            "decimals": 18,
            "name": "Binance BTC",
            "projectLink": "https://bitcoin.org/",
            "symbol": "BTCB",
          },
          Token {
            "address": "0xbb4CdB9CBd36B01bD1cBaEBF2De08d9173bc095c",
            "chainId": 988207,
            "decimals": 18,
            "name": "Wrapped ECROX",
            "projectLink": "https://ecroxscan.com/",
            "symbol": "WECROX",
          },
        ],
        Array [
          Token {
            "address": "0x7130d2A12B9BCbFAe4f2634d864A1Ee1Ce3Ead9c",
            "chainId": 988207,
            "decimals": 18,
            "name": "Binance BTC",
            "projectLink": "https://bitcoin.org/",
            "symbol": "BTCB",
          },
          Token {
            "address": "0x6e32F26C48A1155bE3Ae90017320c6B615Bac3c8",
            "chainId": 988207,
            "decimals": 18,
            "name": "SECROX Token",
            "projectLink": "http://ecroxswap.com/",
            "symbol": "SECROX",
          },
        ],
        Array [
          Token {
            "address": "0x7130d2A12B9BCbFAe4f2634d864A1Ee1Ce3Ead9c",
            "chainId": 988207,
            "decimals": 18,
            "name": "Binance BTC",
            "projectLink": "https://bitcoin.org/",
            "symbol": "BTCB",
          },
          Token {
            "address": "0xb30ebc0Ec978472B4a500a717880fE4D8f8c3288",
            "chainId": 988207,
            "decimals": 18,
            "name": "BUSD",
            "projectLink": "",
            "symbol": "BUSD",
          },
        ],
        Array [
          Token {
            "address": "0x7130d2A12B9BCbFAe4f2634d864A1Ee1Ce3Ead9c",
            "chainId": 988207,
            "decimals": 18,
            "name": "Binance BTC",
            "projectLink": "https://bitcoin.org/",
            "symbol": "BTCB",
          },
          Token {
            "address": "0xDA9eFA00a9A89EAEBcFaF3A3b0eA760e07A3AC04",
            "chainId": 988207,
            "decimals": 18,
            "name": "Tether USD",
            "projectLink": "https://tether.to/",
            "symbol": "WUSDT",
          },
        ],
        Array [
          Token {
            "address": "0x7130d2A12B9BCbFAe4f2634d864A1Ee1Ce3Ead9c",
            "chainId": 988207,
            "decimals": 18,
            "name": "Binance BTC",
            "projectLink": "https://bitcoin.org/",
            "symbol": "BTCB",
          },
          Token {
            "address": "0x2170Ed0880ac9A755fd29B2688956BD959F933F8",
            "chainId": 988207,
            "decimals": 18,
            "name": "Binance-Peg Ethereum Token",
            "projectLink": "https://ethereum.org/en/",
            "symbol": "ETH",
          },
        ],
        Array [
          Token {
            "address": "0x7130d2A12B9BCbFAe4f2634d864A1Ee1Ce3Ead9c",
            "chainId": 988207,
            "decimals": 18,
            "name": "Binance BTC",
            "projectLink": "https://bitcoin.org/",
            "symbol": "BTCB",
          },
          Token {
            "address": "0x8AC76a51cc950d9822D68b83fE1Ad97B32Cd580d",
            "chainId": 988207,
            "decimals": 18,
            "name": "Binance-Peg USD Coin",
            "projectLink": "https://www.centre.io/usdc",
            "symbol": "USDC",
          },
        ],
        Array [
          Token {
            "address": "0x2170Ed0880ac9A755fd29B2688956BD959F933F8",
            "chainId": 988207,
            "decimals": 18,
            "name": "Binance-Peg Ethereum Token",
            "projectLink": "https://ethereum.org/en/",
            "symbol": "ETH",
          },
          Token {
            "address": "0xbb4CdB9CBd36B01bD1cBaEBF2De08d9173bc095c",
            "chainId": 988207,
            "decimals": 18,
            "name": "Wrapped ECROX",
            "projectLink": "https://ecroxscan.com/",
            "symbol": "WECROX",
          },
        ],
        Array [
          Token {
            "address": "0x2170Ed0880ac9A755fd29B2688956BD959F933F8",
            "chainId": 988207,
            "decimals": 18,
            "name": "Binance-Peg Ethereum Token",
            "projectLink": "https://ethereum.org/en/",
            "symbol": "ETH",
          },
          Token {
            "address": "0x6e32F26C48A1155bE3Ae90017320c6B615Bac3c8",
            "chainId": 988207,
            "decimals": 18,
            "name": "SECROX Token",
            "projectLink": "http://ecroxswap.com/",
            "symbol": "SECROX",
          },
        ],
        Array [
          Token {
            "address": "0x2170Ed0880ac9A755fd29B2688956BD959F933F8",
            "chainId": 988207,
            "decimals": 18,
            "name": "Binance-Peg Ethereum Token",
            "projectLink": "https://ethereum.org/en/",
            "symbol": "ETH",
          },
          Token {
            "address": "0xb30ebc0Ec978472B4a500a717880fE4D8f8c3288",
            "chainId": 988207,
            "decimals": 18,
            "name": "BUSD",
            "projectLink": "",
            "symbol": "BUSD",
          },
        ],
        Array [
          Token {
            "address": "0x2170Ed0880ac9A755fd29B2688956BD959F933F8",
            "chainId": 988207,
            "decimals": 18,
            "name": "Binance-Peg Ethereum Token",
            "projectLink": "https://ethereum.org/en/",
            "symbol": "ETH",
          },
          Token {
            "address": "0xDA9eFA00a9A89EAEBcFaF3A3b0eA760e07A3AC04",
            "chainId": 988207,
            "decimals": 18,
            "name": "Tether USD",
            "projectLink": "https://tether.to/",
            "symbol": "WUSDT",
          },
        ],
        Array [
          Token {
            "address": "0x2170Ed0880ac9A755fd29B2688956BD959F933F8",
            "chainId": 988207,
            "decimals": 18,
            "name": "Binance-Peg Ethereum Token",
            "projectLink": "https://ethereum.org/en/",
            "symbol": "ETH",
          },
          Token {
            "address": "0x7130d2A12B9BCbFAe4f2634d864A1Ee1Ce3Ead9c",
            "chainId": 988207,
            "decimals": 18,
            "name": "Binance BTC",
            "projectLink": "https://bitcoin.org/",
            "symbol": "BTCB",
          },
        ],
        Array [
          Token {
            "address": "0x2170Ed0880ac9A755fd29B2688956BD959F933F8",
            "chainId": 988207,
            "decimals": 18,
            "name": "Binance-Peg Ethereum Token",
            "projectLink": "https://ethereum.org/en/",
            "symbol": "ETH",
          },
          Token {
            "address": "0x8AC76a51cc950d9822D68b83fE1Ad97B32Cd580d",
            "chainId": 988207,
            "decimals": 18,
            "name": "Binance-Peg USD Coin",
            "projectLink": "https://www.centre.io/usdc",
            "symbol": "USDC",
          },
        ],
        Array [
          Token {
            "address": "0x8AC76a51cc950d9822D68b83fE1Ad97B32Cd580d",
            "chainId": 988207,
            "decimals": 18,
            "name": "Binance-Peg USD Coin",
            "projectLink": "https://www.centre.io/usdc",
            "symbol": "USDC",
          },
          Token {
            "address": "0xbb4CdB9CBd36B01bD1cBaEBF2De08d9173bc095c",
            "chainId": 988207,
            "decimals": 18,
            "name": "Wrapped ECROX",
            "projectLink": "https://ecroxscan.com/",
            "symbol": "WECROX",
          },
        ],
        Array [
          Token {
            "address": "0x8AC76a51cc950d9822D68b83fE1Ad97B32Cd580d",
            "chainId": 988207,
            "decimals": 18,
            "name": "Binance-Peg USD Coin",
            "projectLink": "https://www.centre.io/usdc",
            "symbol": "USDC",
          },
          Token {
            "address": "0x6e32F26C48A1155bE3Ae90017320c6B615Bac3c8",
            "chainId": 988207,
            "decimals": 18,
            "name": "SECROX Token",
            "projectLink": "http://ecroxswap.com/",
            "symbol": "SECROX",
          },
        ],
        Array [
          Token {
            "address": "0x8AC76a51cc950d9822D68b83fE1Ad97B32Cd580d",
            "chainId": 988207,
            "decimals": 18,
            "name": "Binance-Peg USD Coin",
            "projectLink": "https://www.centre.io/usdc",
            "symbol": "USDC",
          },
          Token {
            "address": "0xb30ebc0Ec978472B4a500a717880fE4D8f8c3288",
            "chainId": 988207,
            "decimals": 18,
            "name": "BUSD",
            "projectLink": "",
            "symbol": "BUSD",
          },
        ],
        Array [
          Token {
            "address": "0x8AC76a51cc950d9822D68b83fE1Ad97B32Cd580d",
            "chainId": 988207,
            "decimals": 18,
            "name": "Binance-Peg USD Coin",
            "projectLink": "https://www.centre.io/usdc",
            "symbol": "USDC",
          },
          Token {
            "address": "0xDA9eFA00a9A89EAEBcFaF3A3b0eA760e07A3AC04",
            "chainId": 988207,
            "decimals": 18,
            "name": "Tether USD",
            "projectLink": "https://tether.to/",
            "symbol": "WUSDT",
          },
        ],
        Array [
          Token {
            "address": "0x8AC76a51cc950d9822D68b83fE1Ad97B32Cd580d",
            "chainId": 988207,
            "decimals": 18,
            "name": "Binance-Peg USD Coin",
            "projectLink": "https://www.centre.io/usdc",
            "symbol": "USDC",
          },
          Token {
            "address": "0x7130d2A12B9BCbFAe4f2634d864A1Ee1Ce3Ead9c",
            "chainId": 988207,
            "decimals": 18,
            "name": "Binance BTC",
            "projectLink": "https://bitcoin.org/",
            "symbol": "BTCB",
          },
        ],
        Array [
          Token {
            "address": "0x8AC76a51cc950d9822D68b83fE1Ad97B32Cd580d",
            "chainId": 988207,
            "decimals": 18,
            "name": "Binance-Peg USD Coin",
            "projectLink": "https://www.centre.io/usdc",
            "symbol": "USDC",
          },
          Token {
            "address": "0x2170Ed0880ac9A755fd29B2688956BD959F933F8",
            "chainId": 988207,
            "decimals": 18,
            "name": "Binance-Peg Ethereum Token",
            "projectLink": "https://ethereum.org/en/",
            "symbol": "ETH",
          },
        ],
      ],
    ],
  ],
  "results": Array [
    Object {
      "type": "return",
      "value": Array [
        Array [
          2,
          Pair {
            "liquidityToken": Token {
              "address": "0x0eD7e52944161450477ee417DE9Cd3a859b14fD0",
              "chainId": 988207,
              "decimals": 18,
              "name": "SECROX LPs",
              "projectLink": undefined,
              "symbol": "SECROX-LP",
            },
            "tokenAmounts": Array [
              TokenAmount {
                "currency": Token {
                  "address": "0x6e32F26C48A1155bE3Ae90017320c6B615Bac3c8",
                  "chainId": 988207,
                  "decimals": 18,
                  "name": "SECROX Token",
                  "projectLink": "http://ecroxswap.com/",
                  "symbol": "SECROX",
                },
                "denominator": JSBI [
                  660865024,
                  931322574,
                ],
                "numerator": JSBI [
                  1,
                ],
                "token": Token {
                  "address": "0x6e32F26C48A1155bE3Ae90017320c6B615Bac3c8",
                  "chainId": 988207,
                  "decimals": 18,
                  "name": "SECROX Token",
                  "projectLink": "http://ecroxswap.com/",
                  "symbol": "SECROX",
                },
              },
              TokenAmount {
                "currency": Token {
                  "address": "0xbb4CdB9CBd36B01bD1cBaEBF2De08d9173bc095c",
                  "chainId": 988207,
                  "decimals": 18,
                  "name": "Wrapped ECROX",
                  "projectLink": "https://ecroxscan.com/",
                  "symbol": "WECROX",
                },
                "denominator": JSBI [
                  660865024,
                  931322574,
                ],
                "numerator": JSBI [
                  1,
                ],
                "token": Token {
                  "address": "0xbb4CdB9CBd36B01bD1cBaEBF2De08d9173bc095c",
                  "chainId": 988207,
                  "decimals": 18,
                  "name": "Wrapped ECROX",
                  "projectLink": "https://ecroxscan.com/",
                  "symbol": "WECROX",
                },
              },
            ],
          },
        ],
        Array [
          2,
          Pair {
            "liquidityToken": Token {
              "address": "0x0eD7e52944161450477ee417DE9Cd3a859b14fD0",
              "chainId": 988207,
              "decimals": 18,
              "name": "SECROX LPs",
              "projectLink": undefined,
              "symbol": "SECROX-LP",
            },
            "tokenAmounts": Array [
              TokenAmount {
                "currency": Token {
                  "address": "0x6e32F26C48A1155bE3Ae90017320c6B615Bac3c8",
                  "chainId": 988207,
                  "decimals": 18,
                  "name": "SECROX Token",
                  "projectLink": "http://ecroxswap.com/",
                  "symbol": "SECROX",
                },
                "denominator": JSBI [
                  660865024,
                  931322574,
                ],
                "numerator": JSBI [
                  1,
                ],
                "token": Token {
                  "address": "0x6e32F26C48A1155bE3Ae90017320c6B615Bac3c8",
                  "chainId": 988207,
                  "decimals": 18,
                  "name": "SECROX Token",
                  "projectLink": "http://ecroxswap.com/",
                  "symbol": "SECROX",
                },
              },
              TokenAmount {
                "currency": Token {
                  "address": "0xbb4CdB9CBd36B01bD1cBaEBF2De08d9173bc095c",
                  "chainId": 988207,
                  "decimals": 18,
                  "name": "Wrapped ECROX",
                  "projectLink": "https://ecroxscan.com/",
                  "symbol": "WECROX",
                },
                "denominator": JSBI [
                  660865024,
                  931322574,
                ],
                "numerator": JSBI [
                  1,
                ],
                "token": Token {
                  "address": "0xbb4CdB9CBd36B01bD1cBaEBF2De08d9173bc095c",
                  "chainId": 988207,
                  "decimals": 18,
                  "name": "Wrapped ECROX",
                  "projectLink": "https://ecroxscan.com/",
                  "symbol": "WECROX",
                },
              },
            ],
          },
        ],
        Array [
          2,
          Pair {
            "liquidityToken": Token {
              "address": "0x0eD7e52944161450477ee417DE9Cd3a859b14fD0",
              "chainId": 988207,
              "decimals": 18,
              "name": "SECROX LPs",
              "projectLink": undefined,
              "symbol": "SECROX-LP",
            },
            "tokenAmounts": Array [
              TokenAmount {
                "currency": Token {
                  "address": "0x6e32F26C48A1155bE3Ae90017320c6B615Bac3c8",
                  "chainId": 988207,
                  "decimals": 18,
                  "name": "SECROX Token",
                  "projectLink": "http://ecroxswap.com/",
                  "symbol": "SECROX",
                },
                "denominator": JSBI [
                  660865024,
                  931322574,
                ],
                "numerator": JSBI [
                  1,
                ],
                "token": Token {
                  "address": "0x6e32F26C48A1155bE3Ae90017320c6B615Bac3c8",
                  "chainId": 988207,
                  "decimals": 18,
                  "name": "SECROX Token",
                  "projectLink": "http://ecroxswap.com/",
                  "symbol": "SECROX",
                },
              },
              TokenAmount {
                "currency": Token {
                  "address": "0xbb4CdB9CBd36B01bD1cBaEBF2De08d9173bc095c",
                  "chainId": 988207,
                  "decimals": 18,
                  "name": "Wrapped ECROX",
                  "projectLink": "https://ecroxscan.com/",
                  "symbol": "WECROX",
                },
                "denominator": JSBI [
                  660865024,
                  931322574,
                ],
                "numerator": JSBI [
                  1,
                ],
                "token": Token {
                  "address": "0xbb4CdB9CBd36B01bD1cBaEBF2De08d9173bc095c",
                  "chainId": 988207,
                  "decimals": 18,
                  "name": "Wrapped ECROX",
                  "projectLink": "https://ecroxscan.com/",
                  "symbol": "WECROX",
                },
              },
            ],
          },
        ],
        Array [
          2,
          null,
        ],
      ],
    },
  ],
}
`;
